
Discarded input sections

 .text          0x0000000000000000        0x0 build/main.o
 .data          0x0000000000000000        0x0 build/main.o
 .bss           0x0000000000000000        0x0 build/main.o
 .text          0x0000000000000000        0x0 build/system_S300.o
 .data          0x0000000000000000        0x0 build/system_S300.o
 .bss           0x0000000000000000        0x0 build/system_S300.o
 .text.SystemCoreClockUpdate
                0x0000000000000000       0x10 build/system_S300.o
 .text          0x0000000000000000        0x0 build/startup_S300.o
 .data          0x0000000000000000        0x0 build/startup_S300.o
 .bss           0x0000000000000000        0x0 build/startup_S300.o

Memory Configuration

Name             Origin             Length             Attributes
SRAM0            0x0000000010000000 0x0000000000002000 xrw
SRAM1            0x0000000020000000 0x0000000000060000 xrw
*default*        0x0000000000000000 0xffffffffffffffff

Linker script and memory map

LOAD build/main.o
LOAD build/system_S300.o
LOAD build/startup_S300.o
START GROUP
LOAD /home/xinhao/crosstools/gcc-arm-none-eabi-10.3-2021.10/bin/../lib/gcc/arm-none-eabi/10.3.1/thumb/v7e-m+fp/hard/libgcc.a
LOAD /home/xinhao/crosstools/gcc-arm-none-eabi-10.3-2021.10/bin/../lib/gcc/arm-none-eabi/10.3.1/../../../../arm-none-eabi/lib/thumb/v7e-m+fp/hard/libc.a
END GROUP
                0x0000000020060000                _estack = (ORIGIN (SRAM1) + LENGTH (SRAM1))

.text           0x0000000020000000      0x290
 *(.isr_vector)
 .isr_vector    0x0000000020000000       0x40 build/startup_S300.o
                0x0000000020000000                g_pfnVectors
 *(.text*)
 .text.S300_UART_PutStringI.constprop.0
                0x0000000020000040       0x54 build/main.o
 .text.startup.main
                0x0000000020000094       0xf8 build/main.o
                0x0000000020000094                main
 .text.SystemInit
                0x000000002000018c       0x1c build/system_S300.o
                0x000000002000018c                SystemInit
 .text.SysTick_Handler
                0x00000000200001a8       0x10 build/system_S300.o
                0x00000000200001a8                SysTick_Handler
 .text.S300_SysTick_Init
                0x00000000200001b8       0x30 build/system_S300.o
                0x00000000200001b8                S300_SysTick_Init
 .text.S300_SysTick_Millis
                0x00000000200001e8        0xc build/system_S300.o
                0x00000000200001e8                S300_SysTick_Millis
 .text.S300_DelayMs
                0x00000000200001f4       0x1c build/system_S300.o
                0x00000000200001f4                S300_DelayMs
 .text.Reset_Handler
                0x0000000020000210       0x2c build/startup_S300.o
                0x0000000020000210                Reset_Handler
 .text.DefaultHandlers
                0x000000002000023c       0x12 build/startup_S300.o
                0x000000002000023c                NMI_Handler
                0x000000002000023e                HardFault_Handler
                0x0000000020000240                MemManage_Handler
                0x0000000020000242                BusFault_Handler
                0x0000000020000244                UsageFault_Handler
                0x0000000020000246                SVC_Handler
                0x0000000020000248                DebugMon_Handler
                0x000000002000024a                PendSV_Handler
 *(.rodata*)
 *fill*         0x000000002000024e        0x2 
 .rodata.main.str1.4
                0x0000000020000250       0x40 build/main.o

.glue_7         0x0000000020000290        0x0
 .glue_7        0x0000000020000290        0x0 linker stubs

.glue_7t        0x0000000020000290        0x0
 .glue_7t       0x0000000020000290        0x0 linker stubs

.vfp11_veneer   0x0000000020000290        0x0
 .vfp11_veneer  0x0000000020000290        0x0 linker stubs

.v4_bx          0x0000000020000290        0x0
 .v4_bx         0x0000000020000290        0x0 linker stubs

.iplt           0x0000000020000290        0x0
 .iplt          0x0000000020000290        0x0 build/main.o

.rel.dyn        0x0000000020000290        0x0
 .rel.iplt      0x0000000020000290        0x0 build/main.o

.data           0x0000000020000290        0x4
 *(.data*)
 .data.SystemCoreClock
                0x0000000020000290        0x4 build/system_S300.o
                0x0000000020000290                SystemCoreClock

.igot.plt       0x0000000020000294        0x0
 .igot.plt      0x0000000020000294        0x0 build/main.o

.bss            0x0000000020000294        0x4
                0x0000000020000294                _sbss = .
                0x0000000020000294                __bss_start__ = _sbss
 *(.bss*)
 .bss.s_ticks_ms
                0x0000000020000294        0x4 build/system_S300.o
 *(COMMON)
                0x0000000020000298                _ebss = .
                0x0000000020000298                __bss_end__ = _ebss
OUTPUT(build/uart_helloworld.elf elf32-littlearm)
LOAD linker stubs

.comment        0x0000000000000000       0x49
 .comment       0x0000000000000000       0x49 build/main.o
                                         0x4a (size before relaxing)
 .comment       0x0000000000000049       0x4a build/system_S300.o

.ARM.attributes
                0x0000000000000000       0x32
 .ARM.attributes
                0x0000000000000000       0x34 build/main.o
 .ARM.attributes
                0x0000000000000034       0x34 build/system_S300.o
 .ARM.attributes
                0x0000000000000068       0x25 build/startup_S300.o
